TAP version 13
# Subtest: accepts all documented enum values
ok 1 - accepts all documented enum values
  ---
  duration_ms: 2.537266
  type: 'test'
  ...
# Subtest: rejects unknown priority
ok 2 - rejects unknown priority
  ---
  duration_ms: 0.768659
  type: 'test'
  ...
# Subtest: rejects missing or non-integer version
ok 3 - rejects missing or non-integer version
  ---
  duration_ms: 4.433554
  type: 'test'
  ...
# Subtest: rejects unknown fields and non-object body
ok 4 - rejects unknown fields and non-object body
  ---
  duration_ms: 0.520369
  type: 'test'
  ...
1..4
# tests 4
# suites 0
# pass 4
# fail 0
# cancelled 0
# skipped 0
# todo 0
# duration_ms 277.145964
